<?xml version="1.0" encoding="UTF-8"?>
<testsuites name="jest tests" tests="1" failures="0" errors="0" time="0.308">
  <testsuite name="undefined" errors="0" failures="0" skipped="0" timestamp="2022-08-16T14:36:46" time="0.275" tests="1">
    <testcase classname=" should fetch users" name=" should fetch users" time="0.002">
    </testcase>
  </testsuite>
</testsuites>